// Jest Snapshot v1, https://goo.gl/fbAQLP

exports[`MapView renders 1`] = `
<MapView
  favorites={Array []}
  onMarkerClick={[MockFunction]}
>
  <div
    className="map-container"
  />
</MapView>
`;
